// Jest Snapshot v1, https://goo.gl/fbAQLP

exports[`Timeline should generate Timeline analytics multiple events 1`] = `
"***** Analytic Information for this Timeline *****
Total events: 2
Grand duration: 1000299.99900 µs(s)
Events duration: 1000099.99900 µs(s)

***** Event Detail for this Timeline *****
#1: [started: 0.00000 µs(s), duration: 999999.99900 µs(s)]
#2: [started: 99.99900 µs(s), duration: 100.00000 µs(s)]
"
`;

exports[`Timeline should generate Timeline analytics one event 1`] = `
"***** Analytic Information for this Timeline *****
Total events: 1
Grand duration: 299.99900 µs(s)
Events duration: 100.00000 µs(s)

***** Event Detail for this Timeline *****
#1: [started: 99.99900 µs(s), duration: 100.00000 µs(s)]
"
`;

exports[`Timeline should generate Timeline analytics with no events 1`] = `
"***** Analytic Information for this Timeline *****
Total events: 0
Grand duration: 99.99900 µs(s)
Events duration: 0.00000 µs(s)
"
`;
